// Jest Snapshot v1, https://goo.gl/fbAQLP

exports[`Header renders correctly 1`] = `
<header>
  <div
    className="sc-bdVaJa bzVTIk"
  >
    <h1>
      HabitCheck
    </h1>
    <p>
      Wednesday, January 22 2020
    </p>
  </div>
</header>
`;
